// Jest Snapshot v1, https://goo.gl/fbAQLP

exports[`<Tag /> should render the Tag 1`] = `
.c0 {
  font-size: 0.8rem;
  font-weight: 600;
  text-transform: capitalize;
  display: -webkit-box;
  display: -webkit-flex;
  display: -ms-flexbox;
  display: flex;
  -webkit-box-pack: center;
  -webkit-justify-content: center;
  -ms-flex-pack: center;
  justify-content: center;
  border-width: 1px;
  border-style: solid;
  border-radius: 0.4rem;
  padding-left: 1.25rem;
  padding-right: 1.25rem;
  padding-top: 0.25rem;
  padding-bottom: 0.25rem;
  border-color: #FF8D4D;
}

<span
  aria-label="I am a label"
  class="c0"
>
  I am a label
</span>
`;
