// Jest Snapshot v1, https://goo.gl/fbAQLP

exports[`<Select /> should render the Select 1`] = `
.c0 {
  -webkit-transition-property: background-color,border-color,color,fill,stroke,opacity,box-shadow,-webkit-transform,filter,backdrop-filter;
  -webkit-transition-property: background-color,border-color,color,fill,stroke,opacity,box-shadow,transform,filter,backdrop-filter;
  transition-property: background-color,border-color,color,fill,stroke,opacity,box-shadow,transform,filter,backdrop-filter;
  -webkit-transition-timing-function: cubic-bezier(0.4,0,0.2,1);
  transition-timing-function: cubic-bezier(0.4,0,0.2,1);
  -webkit-transition-duration: 300ms;
  transition-duration: 300ms;
  position: relative;
  display: -webkit-box;
  display: -webkit-flex;
  display: -ms-flexbox;
  display: flex;
  -webkit-align-items: center;
  -webkit-box-align: center;
  -ms-flex-align: center;
  align-items: center;
  width: 100%;
  border-width: 1px;
  height: 5rem;
  border-radius: 0.4rem;
  border-color: #FFFFFF;
  min-width: 15rem;
  min-height: 5rem;
}

.c0:hover {
  border-color: #FF8D4D;
}

.c1 {
  width: 100%;
  height: auto;
  border-style: none;
  border-radius: 0.4rem;
  position: absolute !important;
}

.c1 .c-select__control {
  display: -webkit-box;
  display: -webkit-flex;
  display: -ms-flexbox;
  display: flex;
  border-style: none;
  font-size: 1.1rem;
  z-index: 10;
  -webkit-appearance: none;
  -moz-appearance: none;
  appearance: none;
  width: 100%;
  height: 100%;
  border-radius: 0.4rem;
  --tw-shadow: 0 0 #0000;
  box-shadow: var(--tw-ring-offset-shadow,0 0 #0000),var(--tw-ring-shadow,0 0 #0000),var(--tw-shadow);
  color: #20242A;
  padding: 1.24em 0.5em 0;
  background: transparent !important;
}

.c1 .c-select__control:focus {
  outline: 2px solid transparent;
  outline-offset: 2px;
}

.c1 .c-select__control:disabled {
  cursor: not-allowed;
  opacity: 0.4;
}

.c1 .c-select--is-focused {
  border-style: none;
  outline: 2px solid transparent;
  outline-offset: 2px;
  --tw-shadow: 0 0 #0000;
  box-shadow: var(--tw-ring-offset-shadow,0 0 #0000),var(--tw-ring-shadow,0 0 #0000),var(--tw-shadow);
}

.c1 .c-select--menu-is-open {
  z-index: 1999 !important;
}

.c1 .c-select__menu {
  border-radius: 0.4rem;
  margin-top: 0.25rem;
  z-index: 1999 !important;
  background-color: #B8C4C8;
}

.c1 .c-select__menu-list {
  padding: 0px;
  margin: 0px;
}

.c1 .c-select__option:hover {
  --tw-bg-opacity: 1;
  background-color: rgba(41,178,176,var(--tw-bg-opacity));
}

.c1 .c-select__option--is-focused {
  --tw-bg-opacity: 1;
  background-color: rgba(41,178,176,var(--tw-bg-opacity));
}

.c1 .c-select__option--is-selected {
  --tw-bg-opacity: 1;
  background-color: rgba(33,142,141,var(--tw-bg-opacity));
}

.c1 .c-select__option:first-child {
  border-top-left-radius: 0.4rem;
  border-top-right-radius: 0.4rem;
}

.c1 .c-select__option:last-child {
  border-bottom-left-radius: 0.4rem;
  border-bottom-right-radius: 0.4rem;
}

.c1 .c-select__indicator-separator {
  display: none;
}

.c1 .c-select__single-value {
  color: #20242A;
}

.c1 .c-select__input-container {
  color: #20242A;
}

.c1 .c-select__multi-value {
  border-width: 1px;
  --tw-border-opacity: 1;
  border-color: rgba(255,141,77,var(--tw-border-opacity));
  -webkit-transition-property: background-color,border-color,color,fill,stroke;
  transition-property: background-color,border-color,color,fill,stroke;
  -webkit-transition-timing-function: cubic-bezier(0.4,0,0.2,1);
  transition-timing-function: cubic-bezier(0.4,0,0.2,1);
  -webkit-transition-duration: 150ms;
  transition-duration: 150ms;
  margin-right: 0.5rem;
  background: transparent;
}

.c1 .c-select__multi-value:hover {
  background-color: rgba(255,141,77,0.2);
}

.c1 .c-select__multi-value__label {
  margin-left: 0.25rem;
  margin-right: 0.25rem;
  color: #20242A;
}

.c1 .c-select__dropdown-icon {
  -webkit-transition-property: background-color,border-color,color,fill,stroke;
  transition-property: background-color,border-color,color,fill,stroke;
  -webkit-transition-timing-function: cubic-bezier(0.4,0,0.2,1);
  transition-timing-function: cubic-bezier(0.4,0,0.2,1);
  -webkit-transition-duration: 150ms;
  transition-duration: 150ms;
  color: #20242A;
}

.c1 .c-select__dropdown-icon:hover {
  color: #636F73;
}

.c1 .c-select__clear-icon {
  -webkit-transition-property: background-color,border-color,color,fill,stroke;
  transition-property: background-color,border-color,color,fill,stroke;
  -webkit-transition-timing-function: cubic-bezier(0.4,0,0.2,1);
  transition-timing-function: cubic-bezier(0.4,0,0.2,1);
  -webkit-transition-duration: 150ms;
  transition-duration: 150ms;
  color: #20242A;
  border-radius: 2px;
}

.c1 .c-select__clear-icon:hover {
  --tw-text-opacity: 1;
  color: rgba(224,82,82,var(--tw-text-opacity));
  --tw-bg-opacity: 1;
  background-color: rgba(247,213,213,var(--tw-bg-opacity));
}

.c2 {
  font-weight: 500;
  text-align: left;
  display: -webkit-box;
  display: -webkit-flex;
  display: -ms-flexbox;
  display: flex;
  -webkit-align-items: center;
  -webkit-box-align: center;
  -ms-flex-align: center;
  align-items: center;
  width: 100%;
  height: 100%;
  padding-top: 0.5rem;
  padding-left: 0.75rem;
  padding-right: 0.75rem;
  border-radius: 0.4rem;
  color: #20242A;
  background-color: #ECEFF4;
  -webkit-touch-callout: none;
  -webkit-user-select: none;
  -moz-user-select: none;
  -ms-user-select: none;
  user-select: none;
}

.c2:before {
  border-style: solid;
  position: absolute;
  top: 0px;
  left: 0px;
  right: 0px;
  width: 100%;
  height: 100%;
  content: '';
  border-color: #ECEFF4;
  -webkit-transition: border-width 0.3s,border-color 0.5s;
  transition: border-width 0.3s,border-color 0.5s;
}

.c2 span {
  -webkit-transform: var(--tw-transform);
  -ms-transform: var(--tw-transform);
  transform: var(--tw-transform);
  display: -webkit-box;
  display: -webkit-flex;
  display: -ms-flexbox;
  display: flex;
  width: 100%;
  position: relative;
  top: -0.25rem;
  margin-left: 0.75rem;
  -webkit-transition-duration: 300ms;
  transition-duration: 300ms;
  -webkit-transform-origin: 0% 50%;
  -ms-transform-origin: 0% 50%;
  transform-origin: 0% 50%;
  text-rendering: geometricPrecision;
}

.c2 svg.c-input__icon {
  -webkit-transform: var(--tw-transform);
  -ms-transform: var(--tw-transform);
  transform: var(--tw-transform);
  margin-left: 0.25rem;
  -webkit-transition-duration: 300ms;
  transition-duration: 300ms;
  margin-top: -8px;
}

.c2 svg.c-input__error-icon {
  position: absolute;
  right: 0.5rem;
  top: 0.25rem;
}

.c2 input:disabled + label:before {
  border-color: #E05252;
}

<form>
  <div
    class="flex flex-col w-full rounded-sm"
  >
    <span
      class="c0"
    >
      <div
        class="c1 css-b62m3t-container"
        id="field"
      >
        <span
          class="css-1f43avz-a11yText-A11yText"
          id="react-select-field-live-region"
        />
        <span
          aria-atomic="false"
          aria-live="polite"
          aria-relevant="additions text"
          class="css-1f43avz-a11yText-A11yText"
        />
        <div
          class="c-select__control css-1s2u09g-control"
        >
          <div
            class="c-select__value-container css-319lph-ValueContainer"
          >
            <div
              class="c-select__placeholder css-14el2xx-placeholder"
              id="react-select-field-placeholder"
            />
            <div
              class="c-select__input-container css-14dclt2-Input"
              data-value=""
            >
              <input
                aria-autocomplete="list"
                aria-controls="react-select-field-listbox"
                aria-describedby="react-select-field-placeholder"
                aria-expanded="false"
                aria-haspopup="true"
                aria-owns="react-select-field-listbox"
                autocapitalize="none"
                autocomplete="off"
                autocorrect="off"
                class="c-select__input"
                id="react-select-field-input"
                role="combobox"
                spellcheck="false"
                style="opacity: 1; width: 100%; grid-area: 1 / 2; min-width: 2px; border: 0px; margin: 0px; outline: 0; padding: 0px;"
                tabindex="0"
                type="text"
                value=""
              />
            </div>
          </div>
          <div
            class="c-select__indicators css-1hb7zxy-IndicatorsContainer"
          >
            <span
              class="c-select__indicator-separator css-1okebmr-indicatorSeparator"
            />
            <div
              aria-hidden="true"
              class="c-select__indicator c-select__dropdown-indicator css-tlfecz-indicatorContainer"
            >
              <svg
                class="c-select__dropdown-icon"
                fill="currentColor"
                height="14"
                stroke="currentColor"
                stroke-width="0"
                viewBox="0 0 1024 1024"
                width="14"
                xmlns="http://www.w3.org/2000/svg"
              >
                <path
                  d="M840.4 300H183.6c-19.7 0-30.7 20.8-18.5 35l328.4 380.8c9.4 10.9 27.5 10.9 37 0L858.9 335c12.2-14.2 1.2-35-18.5-35z"
                />
              </svg>
            </div>
          </div>
        </div>
        <input
          name="field"
          type="hidden"
          value=""
        />
      </div>
      <label
        aria-labelledby="Label"
        class="c2"
        for="field"
        style="z-index: -1;"
      >
        <span>
          Label
        </span>
      </label>
    </span>
  </div>
</form>
`;
