// Jest Snapshot v1, https://goo.gl/fbAQLP

exports[`<Form /> should render the Form 1`] = `
.c0 {
  --tw-text-opacity: 1;
  color: rgba(255,255,255,var(--tw-text-opacity));
  font-weight: 600;
  text-align: center;
  display: -webkit-box;
  display: -webkit-flex;
  display: -ms-flexbox;
  display: flex;
  -webkit-align-items: center;
  -webkit-box-align: center;
  -ms-flex-align: center;
  align-items: center;
  -webkit-box-pack: center;
  -webkit-justify-content: center;
  -ms-flex-pack: center;
  justify-content: center;
  white-space: nowrap;
  width: auto;
  position: relative;
  -webkit-transition-property: all;
  transition-property: all;
  -webkit-transition-timing-function: cubic-bezier(0.4,0,0.2,1);
  transition-timing-function: cubic-bezier(0.4,0,0.2,1);
  -webkit-transition-duration: 300ms;
  transition-duration: 300ms;
  font-size: 1.1rem;
  line-height: 1.25rem;
  height: 3rem;
  border-radius: 0.4rem;
  padding-top: 2.5rem;
  padding-bottom: 2.5rem;
  padding-left: 4rem;
  padding-right: 4rem;
  background-color: #76C248;
}

.c0:focus {
  outline: 2px solid transparent;
  outline-offset: 2px;
  --tw-ring-offset-shadow: var(--tw-ring-inset) 0 0 0 var(--tw-ring-offset-width) var(--tw-ring-offset-color);
  --tw-ring-shadow: var(--tw-ring-inset) 0 0 0 calc(4px + var(--tw-ring-offset-width)) var(--tw-ring-color);
  box-shadow: var(--tw-ring-offset-shadow),var(--tw-ring-shadow),var(--tw-shadow,0 0 #0000);
}

.c0 svg {
  height: 1.75rem;
  width: 1.75rem;
}

.c0:hover {
  background-color: #5ea136;
}

.c0:focus {
  background-color: #5ea136;
  box-shadow: 0 0 0 1px #FFFFFF,0 0 0 calc(2px + 2px) #829179;
}

.c0:active {
  background-color: #487b29;
}

.c0:disabled {
  background-color: #829179;
}

<form
  class=" w-full space-y-5 space undefined"
>
  <input
    type="text"
  />
  <button
    aria-label="Send"
    class="c0"
    color="success"
    loading="0"
    type="submit"
  >
    Send
  </button>
</form>
`;
