// Jest Snapshot v1, https://goo.gl/fbAQLP

exports[`<Stepper /> should render the Stepper 1`] = `
.c0 {
  width: 100%;
}

.c1 {
  display: -webkit-box;
  display: -webkit-flex;
  display: -ms-flexbox;
  display: flex;
  -webkit-align-items: center;
  -webkit-box-align: center;
  -ms-flex-align: center;
  align-items: center;
  -webkit-box-pack: justify;
  -webkit-justify-content: space-between;
  -ms-flex-pack: justify;
  justify-content: space-between;
}

.c1:hover li:not(:hover) span {
  opacity: 0;
}

.c2 {
  text-align: center;
  position: relative;
  white-space: nowrap;
  min-width: 0px;
  border-bottom-width: 2px;
  padding-bottom: 0.75rem;
  overflow: visible;
  -webkit-flex: 2;
  -ms-flex: 2;
  flex: 2;
  border-color: #ECEFF4;
}

.c2:first-child,
.c2:last-child {
  -webkit-flex: 1;
  -ms-flex: 1;
  flex: 1;
}

.c2:first-child {
  text-align: left;
}

.c2:first-child:before {
  left: -0.25rem;
}

.c2:last-child {
  text-align: right;
}

.c2:last-child:before {
  right: -0.25rem;
  left: auto;
}

.c2:last-child:after {
  width: inherit;
  left: inherit;
}

.c2:before {
  display: block;
  width: 1rem;
  height: 1rem;
  border-radius: 50%;
  border-width: 2px;
  position: absolute;
  bottom: -0.5rem;
  -webkit-transition-property: all;
  transition-property: all;
  -webkit-transition-timing-function: cubic-bezier(0.4,0,0.2,1);
  transition-timing-function: cubic-bezier(0.4,0,0.2,1);
  -webkit-transition-duration: 150ms;
  transition-duration: 150ms;
  content: '';
  left: calc(50% - 6px);
  z-index: 3;
  background-color: #B8C4C8;
  border-color: #FFFFFF;
}

.c2 span {
  -webkit-transition-property: opacity;
  transition-property: opacity;
  -webkit-transition-timing-function: cubic-bezier(0.4,0,0.2,1);
  transition-timing-function: cubic-bezier(0.4,0,0.2,1);
  -webkit-transition-duration: 300ms;
  transition-duration: 300ms;
  opacity: 0;
}

.c2:not(:first-child):after {
  bottom: -2px;
  content: '';
}

.c2:hover:before {
  -webkit-transform: scale(1.33);
  -ms-transform: scale(1.33);
  transform: scale(1.33);
}

.c2:hover span {
  opacity: 1;
}

.c3 {
  text-align: center;
  position: relative;
  white-space: nowrap;
  min-width: 0px;
  border-bottom-width: 2px;
  padding-bottom: 0.75rem;
  overflow: visible;
  -webkit-flex: 2;
  -ms-flex: 2;
  flex: 2;
  border-color: #ECEFF4;
}

.c3:first-child,
.c3:last-child {
  -webkit-flex: 1;
  -ms-flex: 1;
  flex: 1;
}

.c3:first-child {
  text-align: left;
}

.c3:first-child:before {
  left: -0.25rem;
}

.c3:last-child {
  text-align: right;
}

.c3:last-child:before {
  right: -0.25rem;
  left: auto;
}

.c3:last-child:after {
  width: 200%;
  left: -100%;
}

.c3:before {
  display: block;
  width: 1rem;
  height: 1rem;
  border-radius: 50%;
  border-width: 2px;
  position: absolute;
  bottom: -0.5rem;
  -webkit-transition-property: all;
  transition-property: all;
  -webkit-transition-timing-function: cubic-bezier(0.4,0,0.2,1);
  transition-timing-function: cubic-bezier(0.4,0,0.2,1);
  -webkit-transition-duration: 150ms;
  transition-duration: 150ms;
  content: '';
  left: calc(50% - 6px);
  z-index: 3;
  background-color: #FFFFFF;
  border-color: #76C248;
}

.c3 span {
  -webkit-transition-property: opacity;
  transition-property: opacity;
  -webkit-transition-timing-function: cubic-bezier(0.4,0,0.2,1);
  transition-timing-function: cubic-bezier(0.4,0,0.2,1);
  -webkit-transition-duration: 300ms;
  transition-duration: 300ms;
  opacity: 1;
}

.c3:not(:first-child):after {
  display: block;
  width: 100%;
  position: absolute;
  left: -50%;
  border-bottom-width: 2px;
  border-style: solid;
  --tw-border-opacity: 1;
  border-color: rgba(118,194,72,var(--tw-border-opacity));
  bottom: -2px;
  content: '';
}

.c3:hover:before {
  background-color: #FFFFFF;
  border-color: #76C248;
  -webkit-transform: scale(1.33);
  -ms-transform: scale(1.33);
  transform: scale(1.33);
}

.c3:hover span {
  opacity: 1;
}

<nav
  class="c0"
>
  <ol
    class="c1"
  >
    <li
      aria-label="Basic info"
      class="c2"
    >
      <span>
         
        Basic info
      </span>
    </li>
    <li
      aria-label="Contact info"
      class="c3"
    >
      <span>
         
        Contact info
      </span>
    </li>
    <li
      aria-label="Some other info"
      class="c2"
    >
      <span>
         
        Some other info
      </span>
    </li>
  </ol>
</nav>
`;
